19:32:30 **** Build of configuration Debug for project 006pin_read_nucleo ****
make -j8 all 
arm-none-eabi-gcc -mcpu=cortex-m4 -g3 -DDEBUG -c -x assembler-with-cpp -MMD -MP -MF"Startup/startup_stm32f411retx.d" -MT"Startup/startup_stm32f411retx.o" --specs=nano.specs -mfpu=fpv4-sp-d16 -mfloat-abi=hard -mthumb -o "Startup/startup_stm32f411retx.o" "../Startup/startup_stm32f411retx.s"
arm-none-eabi-gcc "../Src/main.c" -mcpu=cortex-m4 -std=gnu11 -g3 -DDEBUG -DSTM32 -DSTM32F4 -DSTM32F411RETx -c -I../Inc -O0 -ffunction-sections -fdata-sections -Wall -fstack-usage -MMD -MP -MF"Src/main.d" -MT"Src/main.o" --specs=nano.specs -mfpu=fpv4-sp-d16 -mfloat-abi=hard -mthumb -o "Src/main.o"
arm-none-eabi-gcc "../Src/syscalls.c" -mcpu=cortex-m4 -std=gnu11 -g3 -DDEBUG -DSTM32 -DSTM32F4 -DSTM32F411RETx -c -I../Inc -O0 -ffunction-sections -fdata-sections -Wall -fstack-usage -MMD -MP -MF"Src/syscalls.d" -MT"Src/syscalls.o" --specs=nano.specs -mfpu=fpv4-sp-d16 -mfloat-abi=hard -mthumb -o "Src/syscalls.o"
arm-none-eabi-gcc "../Src/sysmem.c" -mcpu=cortex-m4 -std=gnu11 -g3 -DDEBUG -DSTM32 -DSTM32F4 -DSTM32F411RETx -c -I../Inc -O0 -ffunction-sections -fdata-sections -Wall -fstack-usage -MMD -MP -MF"Src/sysmem.d" -MT"Src/sysmem.o" --specs=nano.specs -mfpu=fpv4-sp-d16 -mfloat-abi=hard -mthumb -o "Src/sysmem.o"
arm-none-eabi-gcc -o "006pin_read_nucleo.elf" @"objects.list"   -mcpu=cortex-m4 -T"C:\Embedded_C_Beginner\target\006pin_read_nucleo\STM32F411RETX_FLASH.ld" --specs=nosys.specs -Wl,-Map="006pin_read_nucleo.map" -Wl,--gc-sections -static --specs=nano.specs -mfpu=fpv4-sp-d16 -mfloat-abi=hard -mthumb -Wl,--start-group -lc -lm -Wl,--end-group
Finished building target: 006pin_read_nucleo.elf
 
arm-none-eabi-size   006pin_read_nucleo.elf 
arm-none-eabi-objdump -h -S  006pin_read_nucleo.elf  > "006pin_read_nucleo.list"
   text	   data	    bss	    dec	    hex	filename
    800	     28	   1564	   2392	    958	006pin_read_nucleo.elf
Finished building: default.size.stdout
 
Finished building: 006pin_read_nucleo.list
 
19:33:35 **** Incremental Build of configuration Debug for project 006pin_read_nucleo ****
make -j8 all 
arm-none-eabi-size   006pin_read_nucleo.elf 
   text	   data	    bss	    dec	    hex	filename
    800	     28	   1564	   2392	    958	006pin_read_nucleo.elf
Finished building: default.size.stdout
 
19:55:17 **** Incremental Build of configuration Debug for project 006pin_read_nucleo ****
make -j8 all 
arm-none-eabi-size   006pin_read_nucleo.elf 
   text	   data	    bss	    dec	    hex	filename
    800	     28	   1564	   2392	    958	006pin_read_nucleo.elf
Finished building: default.size.stdout
 
19:56:53 **** Incremental Build of configuration Debug for project 006pin_read_nucleo ****
make -j8 all 
arm-none-eabi-gcc "../Src/main.c" -mcpu=cortex-m4 -std=gnu11 -g3 -DDEBUG -DSTM32 -DSTM32F4 -DSTM32F411RETx -c -I../Inc -O0 -ffunction-sections -fdata-sections -Wall -fstack-usage -MMD -MP -MF"Src/main.d" -MT"Src/main.o" --specs=nano.specs -mfpu=fpv4-sp-d16 -mfloat-abi=hard -mthumb -o "Src/main.o"
arm-none-eabi-gcc -o "006pin_read_nucleo.elf" @"objects.list"   -mcpu=cortex-m4 -T"C:\Embedded_C_Beginner\target\006pin_read_nucleo\STM32F411RETX_FLASH.ld" --specs=nosys.specs -Wl,-Map="006pin_read_nucleo.map" -Wl,--gc-sections -static --specs=nano.specs -mfpu=fpv4-sp-d16 -mfloat-abi=hard -mthumb -Wl,--start-group -lc -lm -Wl,--end-group
Finished building target: 006pin_read_nucleo.elf
 
arm-none-eabi-size   006pin_read_nucleo.elf 
arm-none-eabi-objdump -h -S  006pin_read_nucleo.elf  > "006pin_read_nucleo.list"
   text	   data	    bss	    dec	    hex	filename
    788	      8	   1568	   2364	    93c	006pin_read_nucleo.elf
Finished building: default.size.stdout
 
Finished building: 006pin_read_nucleo.list
 
19:57:15 **** Incremental Build of configuration Debug for project 006pin_read_nucleo ****
make -j8 all 
arm-none-eabi-size   006pin_read_nucleo.elf 
   text	   data	    bss	    dec	    hex	filename
    788	      8	   1568	   2364	    93c	006pin_read_nucleo.elf
Finished building: default.size.stdout
 
